Show Method Called
Display Method Called
Main completed...
Main Started...
Show Method Called
Display Method Called
Main completed...
10-02-2026 10:17:20
Main Started...
Show Method Called
Display Method Called
Main completed...
10-02-2026 10:23:39
Main Started...
Show Method Called
Display Method Called
Main completed...
10-02-2026 10:23:49
Main Started...
Show Method Called
Display Method Called
Main completed...
10-02-2026 10:27:12
Main Started...
Show Method Called
Display Method Called
Main completed...
10-02-2026 10:27:42
Main Started...
Show Method Called
Display Method Called
Main completed...
10-02-2026 10:30:40
Main Started...
Week6Learnings Information: 0 : 4 numbers passed
Week6Learnings Information: 0 : 11 numbers passed
Week6Learnings Information: 0 : No value Passed
Show Method Called
Display Method Called
Main completed...
10-02-2026 10:32:51
Main Started...
Week6Learnings Information: 0 : 4 numbers passed
Week6Learnings Information: 0 : 11 numbers passed
Week6Learnings Information: 0 : No value Passed
Week6Learnings Warning: 0 : No value Passed
Week6Learnings Error: 0 : No value Passed
Show Method Called
Display Method Called
Main completed...
10-02-2026 10:37:03
Main Started...
Week6Learnings Information: 0 : 4 numbers passed
Week6Learnings Information: 0 : 11 numbers passed
Week6Learnings Information: 0 : No value Passed
Week6Learnings Warning: 0 : No value Passed
Week6Learnings Error: 0 : No value Passed
